// Jest Snapshot v1, https://goo.gl/fbAQLP

exports[`Kitchen sink snapshot Renders correctly and snapShot matches 1`] = `
<View
  collapsable={false}
  pointerEvents="box-none"
  style={
    Object {
      "flex": 1,
    }
  }
>
  <View
    accessible={true}
    color="#007bc1"
    focusable={true}
    onClick={[Function]}
    onResponderGrant={[Function]}
    onResponderMove={[Function]}
    onResponderRelease={[Function]}
    onResponderTerminate={[Function]}
    onResponderTerminationRequest={[Function]}
    onStartShouldSetResponder={[Function]}
    style={
      Array [
        Object {
          "backgroundColor": "#e0eff8",
          "borderRadius": 40,
          "height": 80,
          "width": 80,
        },
        Object {
          "alignItems": "center",
          "justifyContent": "center",
        },
        Object {},
      ]
    }
    testID="avatar"
  >
    <Text
      accessibilityElementsHidden={true}
      allowFontScaling={false}
      importantForAccessibility="no-hide-descendants"
      pointerEvents="none"
      selectable={false}
      style={
        Array [
          Object {
            "color": "#007bc1",
            "fontSize": 48,
          },
          Array [
            Object {
              "lineHeight": 48,
              "transform": Array [
                Object {
                  "scaleX": 1,
                },
              ],
            },
            Object {
              "backgroundColor": "transparent",
            },
          ],
          Object {
            "fontFamily": "Material Design Icons",
            "fontStyle": "normal",
            "fontWeight": "normal",
          },
          Object {},
        ]
      }
    >
      󰀉
    </Text>
  </View>
  <Modal
    animationType="none"
    deviceHeight={null}
    deviceWidth={null}
    hardwareAccelerated={false}
    hideModalContentWhileAnimating={false}
    onBackdropPress={[Function]}
    onModalHide={[Function]}
    onModalWillHide={[Function]}
    onModalWillShow={[Function]}
    onRequestClose={[Function]}
    panResponderThreshold={4}
    scrollHorizontal={false}
    scrollOffset={0}
    scrollOffsetMax={0}
    scrollTo={null}
    supportedOrientations={
      Array [
        "portrait",
        "landscape",
      ]
    }
    swipeThreshold={100}
    transparent={true}
    visible={false}
  >
    <View
      accessible={true}
      focusable={true}
      forwardedRef={[Function]}
      onClick={[Function]}
      onResponderGrant={[Function]}
      onResponderMove={[Function]}
      onResponderRelease={[Function]}
      onResponderTerminate={[Function]}
      onResponderTerminationRequest={[Function]}
      onStartShouldSetResponder={[Function]}
      style={
        Object {
          "backgroundColor": "black",
          "bottom": 0,
          "height": 1334,
          "left": 0,
          "opacity": 0,
          "position": "absolute",
          "right": 0,
          "top": 0,
          "width": 750,
        }
      }
    />
    <View
      deviceHeight={null}
      deviceWidth={null}
      forwardedRef={[Function]}
      hideModalContentWhileAnimating={false}
      onBackdropPress={[Function]}
      onModalHide={[Function]}
      onModalWillHide={[Function]}
      onModalWillShow={[Function]}
      panResponderThreshold={4}
      pointerEvents="box-none"
      scrollHorizontal={false}
      scrollOffset={0}
      scrollOffsetMax={0}
      scrollTo={null}
      style={
        Object {
          "flex": 1,
          "justifyContent": "flex-end",
          "margin": 0,
          "transform": Array [
            Object {
              "translateY": 0,
            },
          ],
        }
      }
      supportedOrientations={
        Array [
          "portrait",
          "landscape",
        ]
      }
      swipeThreshold={100}
    >
      <RCTSafeAreaView
        emulateUnlessSupported={true}
        style={
          Array [
            Object {
              "backgroundColor": "#ffffff",
            },
            undefined,
          ]
        }
      >
        <View
          accessible={true}
          focusable={false}
          onClick={[Function]}
          onResponderGrant={[Function]}
          onResponderMove={[Function]}
          onResponderRelease={[Function]}
          onResponderTerminate={[Function]}
          onResponderTerminationRequest={[Function]}
          onStartShouldSetResponder={[Function]}
          style={
            Object {
              "alignItems": "center",
              "backgroundColor": "transparent",
              "flexDirection": "row",
              "minHeight": 144,
              "opacity": 1,
              "paddingRight": 16,
            }
          }
        >
          <View
            style={
              Array [
                Object {
                  "backgroundColor": undefined,
                  "height": "100%",
                  "left": 0,
                  "position": "absolute",
                  "top": 0,
                  "width": 6,
                },
                undefined,
              ]
            }
          />
          <View
            style={
              Array [
                Object {
                  "borderRadius": 80,
                  "height": 80,
                  "width": 80,
                },
                undefined,
                Object {
                  "marginLeft": 16,
                },
              ]
            }
          >
            <View
              color="#007bc1"
              style={
                Array [
                  Object {
                    "backgroundColor": "#e0eff8",
                    "borderRadius": 40,
                    "height": 80,
                    "width": 80,
                  },
                  Object {
                    "alignItems": "center",
                    "justifyContent": "center",
                  },
                  Object {},
                ]
              }
            >
              <Text
                accessibilityElementsHidden={true}
                allowFontScaling={false}
                importantForAccessibility="no-hide-descendants"
                pointerEvents="none"
                selectable={false}
                style={
                  Array [
                    Object {
                      "color": "#007bc1",
                      "fontSize": 48,
                    },
                    Array [
                      Object {
                        "lineHeight": 48,
                        "transform": Array [
                          Object {
                            "scaleX": 1,
                          },
                        ],
                      },
                      Object {
                        "backgroundColor": "transparent",
                      },
                    ],
                    Object {
                      "fontFamily": "Material Design Icons",
                      "fontStyle": "normal",
                      "fontWeight": "normal",
                    },
                    Object {},
                  ]
                }
              >
                󰀉
              </Text>
            </View>
          </View>
          <View
            style={
              Array [
                Object {
                  "flex": 1,
                  "paddingHorizontal": 16,
                },
                undefined,
              ]
            }
          >
            <Text
              ellipsizeMode="tail"
              numberOfLines={1}
              style={
                Array [
                  Object {
                    "color": "#424e54",
                  },
                  Object {
                    "writingDirection": "ltr",
                  },
                  Object {},
                  Object {
                    "fontFamily": "OpenSans-SemiBold",
                    "fontSize": 16,
                    "fontWeight": "600",
                    "letterSpacing": 0,
                  },
                  Object {},
                  undefined,
                  Array [
                    Object {
                      "color": "#424e54",
                    },
                    undefined,
                  ],
                ]
              }
            >
              John Smith
            </Text>
            <View
              style={
                Array [
                  Object {
                    "alignItems": "center",
                    "flexDirection": "row",
                    "overflow": "hidden",
                  },
                  undefined,
                ]
              }
            >
              <Text
                numberOfLines={1}
                style={
                  Array [
                    Object {
                      "color": "#424e54",
                    },
                    Object {
                      "writingDirection": "ltr",
                    },
                    Object {},
                    Object {
                      "fontFamily": "OpenSans-Regular",
                      "fontSize": 14,
                      "fontWeight": "400",
                      "letterSpacing": 0,
                    },
                    Object {},
                    undefined,
                    Object {
                      "color": "#424e54",
                    },
                  ]
                }
              >
                Account Manager
              </Text>
            </View>
            <View
              style={
                Array [
                  Object {
                    "alignItems": "center",
                    "flexDirection": "row",
                  },
                  undefined,
                ]
              }
            />
          </View>
        </View>
        <View
          style={
            Array [
              Object {
                "backgroundColor": "rgba(0, 0, 0, 0.12)",
                "height": 0.5,
              },
              undefined,
              Object {
                "marginLeft": -0,
                "marginRight": -0,
              },
            ]
          }
        />
        <View
          accessible={true}
          focusable={true}
          onClick={[Function]}
          onResponderGrant={[Function]}
          onResponderMove={[Function]}
          onResponderRelease={[Function]}
          onResponderTerminate={[Function]}
          onResponderTerminationRequest={[Function]}
          onStartShouldSetResponder={[Function]}
          style={
            Object {
              "alignItems": "center",
              "backgroundColor": "transparent",
              "flexDirection": "row",
              "minHeight": 104,
              "opacity": 1,
              "paddingRight": 16,
            }
          }
        >
          <View
            style={
              Array [
                Object {
                  "backgroundColor": undefined,
                  "height": "100%",
                  "left": 0,
                  "position": "absolute",
                  "top": 0,
                  "width": 6,
                },
                undefined,
              ]
            }
          />
          <View
            style={
              Array [
                Object {
                  "alignItems": "flex-start",
                  "justifyContent": "center",
                  "marginLeft": 16,
                  "width": 80,
                },
                undefined,
              ]
            }
          >
            <View
              style={
                Array [
                  Object {
                    "alignItems": "flex-start",
                    "backgroundColor": "transparent",
                    "justifyContent": "center",
                    "width": 80,
                  },
                  undefined,
                ]
              }
            >
              <Text
                allowFontScaling={true}
                style={
                  Array [
                    Object {
                      "color": "#727e84",
                      "fontSize": 24,
                    },
                    Object {},
                    Object {
                      "fontFamily": "Material Icons",
                      "fontStyle": "normal",
                      "fontWeight": "normal",
                    },
                    Object {},
                  ]
                }
              >
                
              </Text>
            </View>
          </View>
          <View
            style={
              Array [
                Object {
                  "flex": 1,
                  "paddingHorizontal": 16,
                },
                undefined,
              ]
            }
          >
            <Text
              ellipsizeMode="tail"
              numberOfLines={1}
              style={
                Array [
                  Object {
                    "color": "#424e54",
                  },
                  Object {
                    "writingDirection": "ltr",
                  },
                  Object {},
                  Object {
                    "fontFamily": "OpenSans-SemiBold",
                    "fontSize": 16,
                    "fontWeight": "600",
                    "letterSpacing": 0,
                  },
                  Object {},
                  undefined,
                  Array [
                    Object {
                      "color": "#424e54",
                    },
                    Object {
                      "fontFamily": "OpenSans-Regular",
                      "fontSize": 16,
                      "fontWeight": "400",
                    },
                  ],
                ]
              }
            >
              Toggle RTL
            </Text>
            <View
              style={
                Array [
                  Object {
                    "alignItems": "center",
                    "flexDirection": "row",
                    "overflow": "hidden",
                  },
                  undefined,
                ]
              }
            />
            <View
              style={
                Array [
                  Object {
                    "alignItems": "center",
                    "flexDirection": "row",
                  },
                  undefined,
                ]
              }
            />
          </View>
        </View>
        <View
          accessible={true}
          focusable={true}
          onClick={[Function]}
          onResponderGrant={[Function]}
          onResponderMove={[Function]}
          onResponderRelease={[Function]}
          onResponderTerminate={[Function]}
          onResponderTerminationRequest={[Function]}
          onStartShouldSetResponder={[Function]}
          style={
            Object {
              "alignItems": "center",
              "backgroundColor": "transparent",
              "flexDirection": "row",
              "minHeight": 104,
              "opacity": 1,
              "paddingRight": 16,
            }
          }
        >
          <View
            style={
              Array [
                Object {
                  "backgroundColor": undefined,
                  "height": "100%",
                  "left": 0,
                  "position": "absolute",
                  "top": 0,
                  "width": 6,
                },
                undefined,
              ]
            }
          />
          <View
            style={
              Array [
                Object {
                  "alignItems": "flex-start",
                  "justifyContent": "center",
                  "marginLeft": 16,
                  "width": 80,
                },
                undefined,
              ]
            }
          >
            <View
              style={
                Array [
                  Object {
                    "alignItems": "flex-start",
                    "backgroundColor": "transparent",
                    "justifyContent": "center",
                    "width": 80,
                  },
                  undefined,
                ]
              }
            >
              <Text
                allowFontScaling={true}
                style={
                  Array [
                    Object {
                      "color": "#727e84",
                      "fontSize": 24,
                    },
                    Object {},
                    Object {
                      "fontFamily": "Material Icons",
                      "fontStyle": "normal",
                      "fontWeight": "normal",
                    },
                    Object {},
                  ]
                }
              >
                
              </Text>
            </View>
          </View>
          <View
            style={
              Array [
                Object {
                  "flex": 1,
                  "paddingHorizontal": 16,
                },
                undefined,
              ]
            }
          >
            <Text
              ellipsizeMode="tail"
              numberOfLines={1}
              style={
                Array [
                  Object {
                    "color": "#424e54",
                  },
                  Object {
                    "writingDirection": "ltr",
                  },
                  Object {},
                  Object {
                    "fontFamily": "OpenSans-SemiBold",
                    "fontSize": 16,
                    "fontWeight": "600",
                    "letterSpacing": 0,
                  },
                  Object {},
                  undefined,
                  Array [
                    Object {
                      "color": "#424e54",
                    },
                    Object {
                      "fontFamily": "OpenSans-Regular",
                      "fontSize": 16,
                      "fontWeight": "400",
                    },
                  ],
                ]
              }
            >
              Toggle Theme
            </Text>
            <View
              style={
                Array [
                  Object {
                    "alignItems": "center",
                    "flexDirection": "row",
                    "overflow": "hidden",
                  },
                  undefined,
                ]
              }
            />
            <View
              style={
                Array [
                  Object {
                    "alignItems": "center",
                    "flexDirection": "row",
                  },
                  undefined,
                ]
              }
            />
          </View>
        </View>
        <View
          accessible={true}
          focusable={true}
          onClick={[Function]}
          onResponderGrant={[Function]}
          onResponderMove={[Function]}
          onResponderRelease={[Function]}
          onResponderTerminate={[Function]}
          onResponderTerminationRequest={[Function]}
          onStartShouldSetResponder={[Function]}
          style={
            Object {
              "alignItems": "center",
              "backgroundColor": "transparent",
              "flexDirection": "row",
              "minHeight": 104,
              "opacity": 1,
              "paddingRight": 16,
            }
          }
        >
          <View
            style={
              Array [
                Object {
                  "backgroundColor": undefined,
                  "height": "100%",
                  "left": 0,
                  "position": "absolute",
                  "top": 0,
                  "width": 6,
                },
                undefined,
              ]
            }
          />
          <View
            style={
              Array [
                Object {
                  "alignItems": "flex-start",
                  "justifyContent": "center",
                  "marginLeft": 16,
                  "width": 80,
                },
                undefined,
              ]
            }
          >
            <View
              style={
                Array [
                  Object {
                    "alignItems": "flex-start",
                    "backgroundColor": "transparent",
                    "justifyContent": "center",
                    "width": 80,
                  },
                  undefined,
                ]
              }
            >
              <Text
                allowFontScaling={true}
                style={
                  Array [
                    Object {
                      "color": "#727e84",
                      "fontSize": 24,
                    },
                    Object {},
                    Object {
                      "fontFamily": "Material Icons",
                      "fontStyle": "normal",
                      "fontWeight": "normal",
                    },
                    Object {},
                  ]
                }
              >
                
              </Text>
            </View>
          </View>
          <View
            style={
              Array [
                Object {
                  "flex": 1,
                  "paddingHorizontal": 16,
                },
                undefined,
              ]
            }
          >
            <Text
              ellipsizeMode="tail"
              numberOfLines={1}
              style={
                Array [
                  Object {
                    "color": "#424e54",
                  },
                  Object {
                    "writingDirection": "ltr",
                  },
                  Object {},
                  Object {
                    "fontFamily": "OpenSans-SemiBold",
                    "fontSize": 16,
                    "fontWeight": "600",
                    "letterSpacing": 0,
                  },
                  Object {},
                  undefined,
                  Array [
                    Object {
                      "color": "#424e54",
                    },
                    Object {
                      "fontFamily": "OpenSans-Regular",
                      "fontSize": 16,
                      "fontWeight": "400",
                    },
                  ],
                ]
              }
            >
              Cancel
            </Text>
            <View
              style={
                Array [
                  Object {
                    "alignItems": "center",
                    "flexDirection": "row",
                    "overflow": "hidden",
                  },
                  undefined,
                ]
              }
            />
            <View
              style={
                Array [
                  Object {
                    "alignItems": "center",
                    "flexDirection": "row",
                  },
                  undefined,
                ]
              }
            />
          </View>
        </View>
      </RCTSafeAreaView>
    </View>
  </Modal>
</View>
`;
